// Jest Snapshot v1, https://goo.gl/fbAQLP

exports[`Main Component renders with all props 1`] = `
ShallowWrapper {
  "length": 1,
  Symbol(enzyme.__root__): [Circular],
  Symbol(enzyme.__unrendered__): <Main
    counterValue={0}
    handleButtonClick={[Function]}
  />,
  Symbol(enzyme.__renderer__): Object {
    "batchedUpdates": [Function],
    "getNode": [Function],
    "render": [Function],
    "simulateEvent": [Function],
    "unmount": [Function],
  },
  Symbol(enzyme.__node__): Object {
    "instance": null,
    "key": undefined,
    "nodeType": "class",
    "props": Object {
      "children": Array [
        <Header>
          Electron App
        </Header>,
        <Content>
          <P>
            Lorem ipsum dolor sit amet, nonumes convenire iracundia no sit, in possit audire cum, in duo mundi tantas dolorum. Graeco splendide mei ut. An his doming eirmod disputando, eum tritani meliore ne. Populo consequuntur nec cu, eos an accusata neglegentur interpretaris, enim ullamcorper deterruisset eu ius. Nec omnium dignissim mediocritatem ut. Possit aliquip deleniti vis ut, ut sea dicat augue adversarium.
          </P>
          <H2>
            Counter
          </H2>
          Current value 
          <Span>
            0
          </Span>
          <br />
          <Button
            onClick={[Function]}
          >
            Open Counter
          </Button>
        </Content>,
      ],
    },
    "ref": null,
    "rendered": Array [
      Object {
        "instance": null,
        "key": undefined,
        "nodeType": "function",
        "props": Object {
          "children": "Electron App",
        },
        "ref": null,
        "rendered": "Electron App",
        "type": [Function],
      },
      Object {
        "instance": null,
        "key": undefined,
        "nodeType": "class",
        "props": Object {
          "children": Array [
            <P>
              Lorem ipsum dolor sit amet, nonumes convenire iracundia no sit, in possit audire cum, in duo mundi tantas dolorum. Graeco splendide mei ut. An his doming eirmod disputando, eum tritani meliore ne. Populo consequuntur nec cu, eos an accusata neglegentur interpretaris, enim ullamcorper deterruisset eu ius. Nec omnium dignissim mediocritatem ut. Possit aliquip deleniti vis ut, ut sea dicat augue adversarium.
            </P>,
            <H2>
              Counter
            </H2>,
            "Current value ",
            <Span>
              0
            </Span>,
            <br />,
            <Button
              onClick={[Function]}
            >
              Open Counter
            </Button>,
          ],
        },
        "ref": null,
        "rendered": Array [
          Object {
            "instance": null,
            "key": undefined,
            "nodeType": "class",
            "props": Object {
              "children": "Lorem ipsum dolor sit amet, nonumes convenire iracundia no sit, in possit audire cum, in duo mundi tantas dolorum. Graeco splendide mei ut. An his doming eirmod disputando, eum tritani meliore ne. Populo consequuntur nec cu, eos an accusata neglegentur interpretaris, enim ullamcorper deterruisset eu ius. Nec omnium dignissim mediocritatem ut. Possit aliquip deleniti vis ut, ut sea dicat augue adversarium.",
            },
            "ref": null,
            "rendered": "Lorem ipsum dolor sit amet, nonumes convenire iracundia no sit, in possit audire cum, in duo mundi tantas dolorum. Graeco splendide mei ut. An his doming eirmod disputando, eum tritani meliore ne. Populo consequuntur nec cu, eos an accusata neglegentur interpretaris, enim ullamcorper deterruisset eu ius. Nec omnium dignissim mediocritatem ut. Possit aliquip deleniti vis ut, ut sea dicat augue adversarium.",
            "type": [Function],
          },
          Object {
            "instance": null,
            "key": undefined,
            "nodeType": "class",
            "props": Object {
              "children": "Counter",
            },
            "ref": null,
            "rendered": "Counter",
            "type": [Function],
          },
          "Current value ",
          Object {
            "instance": null,
            "key": undefined,
            "nodeType": "class",
            "props": Object {
              "children": 0,
            },
            "ref": null,
            "rendered": 0,
            "type": [Function],
          },
          Object {
            "instance": null,
            "key": undefined,
            "nodeType": "host",
            "props": Object {},
            "ref": null,
            "rendered": null,
            "type": "br",
          },
          Object {
            "instance": null,
            "key": undefined,
            "nodeType": "class",
            "props": Object {
              "children": "Open Counter",
              "onClick": [Function],
            },
            "ref": null,
            "rendered": "Open Counter",
            "type": [Function],
          },
        ],
        "type": [Function],
      },
    ],
    "type": [Function],
  },
  Symbol(enzyme.__nodes__): Array [
    Object {
      "instance": null,
      "key": undefined,
      "nodeType": "class",
      "props": Object {
        "children": Array [
          <Header>
            Electron App
          </Header>,
          <Content>
            <P>
              Lorem ipsum dolor sit amet, nonumes convenire iracundia no sit, in possit audire cum, in duo mundi tantas dolorum. Graeco splendide mei ut. An his doming eirmod disputando, eum tritani meliore ne. Populo consequuntur nec cu, eos an accusata neglegentur interpretaris, enim ullamcorper deterruisset eu ius. Nec omnium dignissim mediocritatem ut. Possit aliquip deleniti vis ut, ut sea dicat augue adversarium.
            </P>
            <H2>
              Counter
            </H2>
            Current value 
            <Span>
              0
            </Span>
            <br />
            <Button
              onClick={[Function]}
            >
              Open Counter
            </Button>
          </Content>,
        ],
      },
      "ref": null,
      "rendered": Array [
        Object {
          "instance": null,
          "key": undefined,
          "nodeType": "function",
          "props": Object {
            "children": "Electron App",
          },
          "ref": null,
          "rendered": "Electron App",
          "type": [Function],
        },
        Object {
          "instance": null,
          "key": undefined,
          "nodeType": "class",
          "props": Object {
            "children": Array [
              <P>
                Lorem ipsum dolor sit amet, nonumes convenire iracundia no sit, in possit audire cum, in duo mundi tantas dolorum. Graeco splendide mei ut. An his doming eirmod disputando, eum tritani meliore ne. Populo consequuntur nec cu, eos an accusata neglegentur interpretaris, enim ullamcorper deterruisset eu ius. Nec omnium dignissim mediocritatem ut. Possit aliquip deleniti vis ut, ut sea dicat augue adversarium.
              </P>,
              <H2>
                Counter
              </H2>,
              "Current value ",
              <Span>
                0
              </Span>,
              <br />,
              <Button
                onClick={[Function]}
              >
                Open Counter
              </Button>,
            ],
          },
          "ref": null,
          "rendered": Array [
            Object {
              "instance": null,
              "key": undefined,
              "nodeType": "class",
              "props": Object {
                "children": "Lorem ipsum dolor sit amet, nonumes convenire iracundia no sit, in possit audire cum, in duo mundi tantas dolorum. Graeco splendide mei ut. An his doming eirmod disputando, eum tritani meliore ne. Populo consequuntur nec cu, eos an accusata neglegentur interpretaris, enim ullamcorper deterruisset eu ius. Nec omnium dignissim mediocritatem ut. Possit aliquip deleniti vis ut, ut sea dicat augue adversarium.",
              },
              "ref": null,
              "rendered": "Lorem ipsum dolor sit amet, nonumes convenire iracundia no sit, in possit audire cum, in duo mundi tantas dolorum. Graeco splendide mei ut. An his doming eirmod disputando, eum tritani meliore ne. Populo consequuntur nec cu, eos an accusata neglegentur interpretaris, enim ullamcorper deterruisset eu ius. Nec omnium dignissim mediocritatem ut. Possit aliquip deleniti vis ut, ut sea dicat augue adversarium.",
              "type": [Function],
            },
            Object {
              "instance": null,
              "key": undefined,
              "nodeType": "class",
              "props": Object {
                "children": "Counter",
              },
              "ref": null,
              "rendered": "Counter",
              "type": [Function],
            },
            "Current value ",
            Object {
              "instance": null,
              "key": undefined,
              "nodeType": "class",
              "props": Object {
                "children": 0,
              },
              "ref": null,
              "rendered": 0,
              "type": [Function],
            },
            Object {
              "instance": null,
              "key": undefined,
              "nodeType": "host",
              "props": Object {},
              "ref": null,
              "rendered": null,
              "type": "br",
            },
            Object {
              "instance": null,
              "key": undefined,
              "nodeType": "class",
              "props": Object {
                "children": "Open Counter",
                "onClick": [Function],
              },
              "ref": null,
              "rendered": "Open Counter",
              "type": [Function],
            },
          ],
          "type": [Function],
        },
      ],
      "type": [Function],
    },
  ],
  Symbol(enzyme.__options__): Object {
    "adapter": ReactSixteenAdapter {
      "options": Object {
        "enableComponentDidUpdateOnSetState": true,
      },
    },
  },
}
`;
