// Jest Snapshot v1, https://goo.gl/fbAQLP

exports[`Main Component renders with all props 1`] = `
ShallowWrapper {
  Symbol(enzyme.__root__): [Circular],
  Symbol(enzyme.__unrendered__): <Main
    counterValue={0}
    handleButtonClick={[Function]}
  />,
  Symbol(enzyme.__renderer__): Object {
    "batchedUpdates": [Function],
    "getNode": [Function],
    "render": [Function],
    "simulateError": [Function],
    "simulateEvent": [Function],
    "unmount": [Function],
  },
  Symbol(enzyme.__node__): Object {
    "instance": null,
    "key": undefined,
    "nodeType": "function",
    "props": Object {
      "children": Array [
        <Header>
          Electron App
        </Header>,
        <ForwardRef>
          <ForwardRef>
            Lorem ipsum dolor sit amet, nonumes convenire iracundia no sit, in possit audire cum, in duo mundi tantas dolorum. Graeco splendide mei ut. An his doming eirmod disputando, eum tritani meliore ne. Populo consequuntur nec cu, eos an accusata neglegentur interpretaris, enim ullamcorper deterruisset eu ius. Nec omnium dignissim mediocritatem ut. Possit aliquip deleniti vis ut, ut sea dicat augue adversarium.
          </ForwardRef>
          <ForwardRef>
            Counter
          </ForwardRef>
          Current value 
          <ForwardRef>
            0
          </ForwardRef>
          <br />
          <ForwardRef
            onClick={[Function]}
          >
            Open Counter
          </ForwardRef>
        </ForwardRef>,
      ],
    },
    "ref": null,
    "rendered": Array [
      Object {
        "instance": null,
        "key": undefined,
        "nodeType": "function",
        "props": Object {
          "children": "Electron App",
        },
        "ref": null,
        "rendered": "Electron App",
        "type": [Function],
      },
      Object {
        "instance": null,
        "key": undefined,
        "nodeType": "function",
        "props": Object {
          "children": Array [
            <ForwardRef>
              Lorem ipsum dolor sit amet, nonumes convenire iracundia no sit, in possit audire cum, in duo mundi tantas dolorum. Graeco splendide mei ut. An his doming eirmod disputando, eum tritani meliore ne. Populo consequuntur nec cu, eos an accusata neglegentur interpretaris, enim ullamcorper deterruisset eu ius. Nec omnium dignissim mediocritatem ut. Possit aliquip deleniti vis ut, ut sea dicat augue adversarium.
            </ForwardRef>,
            <ForwardRef>
              Counter
            </ForwardRef>,
            "Current value ",
            <ForwardRef>
              0
            </ForwardRef>,
            <br />,
            <ForwardRef
              onClick={[Function]}
            >
              Open Counter
            </ForwardRef>,
          ],
        },
        "ref": null,
        "rendered": Array [
          Object {
            "instance": null,
            "key": undefined,
            "nodeType": "function",
            "props": Object {
              "children": "Lorem ipsum dolor sit amet, nonumes convenire iracundia no sit, in possit audire cum, in duo mundi tantas dolorum. Graeco splendide mei ut. An his doming eirmod disputando, eum tritani meliore ne. Populo consequuntur nec cu, eos an accusata neglegentur interpretaris, enim ullamcorper deterruisset eu ius. Nec omnium dignissim mediocritatem ut. Possit aliquip deleniti vis ut, ut sea dicat augue adversarium.",
            },
            "ref": null,
            "rendered": "Lorem ipsum dolor sit amet, nonumes convenire iracundia no sit, in possit audire cum, in duo mundi tantas dolorum. Graeco splendide mei ut. An his doming eirmod disputando, eum tritani meliore ne. Populo consequuntur nec cu, eos an accusata neglegentur interpretaris, enim ullamcorper deterruisset eu ius. Nec omnium dignissim mediocritatem ut. Possit aliquip deleniti vis ut, ut sea dicat augue adversarium.",
            "type": Object {
              "$$typeof": Symbol(react.forward_ref),
              "attrs": Array [],
              "componentStyle": ComponentStyle {
                "componentId": "sc-gzVnrw",
                "isStatic": true,
                "rules": Array [
                  "
  font-size: 16px;
  line-height: 28px;
",
                ],
              },
              "displayName": "P",
              "foldedComponentIds": Array [],
              "render": [Function],
              "styledComponentId": "sc-gzVnrw",
              "target": "p",
              "toString": [Function],
              "warnTooManyClasses": [Function],
              "withComponent": [Function],
            },
          },
          Object {
            "instance": null,
            "key": undefined,
            "nodeType": "function",
            "props": Object {
              "children": "Counter",
            },
            "ref": null,
            "rendered": "Counter",
            "type": Object {
              "$$typeof": Symbol(react.forward_ref),
              "attrs": Array [],
              "componentStyle": ComponentStyle {
                "componentId": "sc-bZQynM",
                "isStatic": true,
                "rules": Array [
                  "
  font-weight: 400;
  line-height: 40px;
  color: #03a9f4;
",
                ],
              },
              "displayName": "H2",
              "foldedComponentIds": Array [],
              "render": [Function],
              "styledComponentId": "sc-bZQynM",
              "target": "h2",
              "toString": [Function],
              "warnTooManyClasses": [Function],
              "withComponent": [Function],
            },
          },
          "Current value ",
          Object {
            "instance": null,
            "key": undefined,
            "nodeType": "function",
            "props": Object {
              "children": 0,
            },
            "ref": null,
            "rendered": 0,
            "type": Object {
              "$$typeof": Symbol(react.forward_ref),
              "attrs": Array [],
              "componentStyle": ComponentStyle {
                "componentId": "sc-htoDjs",
                "isStatic": true,
                "rules": Array [
                  "
  font-weight: 500;
",
                ],
              },
              "displayName": "Span",
              "foldedComponentIds": Array [],
              "render": [Function],
              "styledComponentId": "sc-htoDjs",
              "target": "span",
              "toString": [Function],
              "warnTooManyClasses": [Function],
              "withComponent": [Function],
            },
          },
          Object {
            "instance": null,
            "key": undefined,
            "nodeType": "host",
            "props": Object {},
            "ref": null,
            "rendered": null,
            "type": "br",
          },
          Object {
            "instance": null,
            "key": undefined,
            "nodeType": "function",
            "props": Object {
              "children": "Open Counter",
              "onClick": [Function],
            },
            "ref": null,
            "rendered": "Open Counter",
            "type": Object {
              "$$typeof": Symbol(react.forward_ref),
              "attrs": Array [],
              "componentStyle": ComponentStyle {
                "componentId": "sc-bdVaJa",
                "isStatic": true,
                "rules": Array [
                  "
  text-transform: uppercase;
  transition: all 0.2s ease-in-out;
  display: block;
  height: 36px;
  padding: 0 26px;
  border: none;
  border-radius: 2px;
  cursor: pointer;
  text-align: center;
  line-height: 36px;
  vertical-align: middle;
  white-space: nowrap;
  font-size: 14px;
  font-family: inherit;
  letter-spacing: 0.03em;
  position: relative;
  margin: 14px 0;
  width: 100%;
  
  &:focus {
    outline: 0;
  }
    
  &:hover {
    color: #fff;
    background-color: #39a1f4;
    outline: 0;
    text-decoration: none;
    border: none;
  }
",
                ],
              },
              "displayName": "Button",
              "foldedComponentIds": Array [],
              "render": [Function],
              "styledComponentId": "sc-bdVaJa",
              "target": "button",
              "toString": [Function],
              "warnTooManyClasses": [Function],
              "withComponent": [Function],
            },
          },
        ],
        "type": Object {
          "$$typeof": Symbol(react.forward_ref),
          "attrs": Array [],
          "componentStyle": ComponentStyle {
            "componentId": "sc-htpNat",
            "isStatic": true,
            "rules": Array [
              "
  padding: 10px 28px;
",
            ],
          },
          "displayName": "Content",
          "foldedComponentIds": Array [],
          "render": [Function],
          "styledComponentId": "sc-htpNat",
          "target": "div",
          "toString": [Function],
          "warnTooManyClasses": [Function],
          "withComponent": [Function],
        },
      },
    ],
    "type": Object {
      "$$typeof": Symbol(react.forward_ref),
      "attrs": Array [],
      "componentStyle": ComponentStyle {
        "componentId": "sc-bwzfXH",
        "isStatic": true,
        "rules": Array [
          "
  height: 100%;
",
        ],
      },
      "displayName": "Container",
      "foldedComponentIds": Array [],
      "render": [Function],
      "styledComponentId": "sc-bwzfXH",
      "target": "div",
      "toString": [Function],
      "warnTooManyClasses": [Function],
      "withComponent": [Function],
    },
  },
  Symbol(enzyme.__nodes__): Array [
    Object {
      "instance": null,
      "key": undefined,
      "nodeType": "function",
      "props": Object {
        "children": Array [
          <Header>
            Electron App
          </Header>,
          <ForwardRef>
            <ForwardRef>
              Lorem ipsum dolor sit amet, nonumes convenire iracundia no sit, in possit audire cum, in duo mundi tantas dolorum. Graeco splendide mei ut. An his doming eirmod disputando, eum tritani meliore ne. Populo consequuntur nec cu, eos an accusata neglegentur interpretaris, enim ullamcorper deterruisset eu ius. Nec omnium dignissim mediocritatem ut. Possit aliquip deleniti vis ut, ut sea dicat augue adversarium.
            </ForwardRef>
            <ForwardRef>
              Counter
            </ForwardRef>
            Current value 
            <ForwardRef>
              0
            </ForwardRef>
            <br />
            <ForwardRef
              onClick={[Function]}
            >
              Open Counter
            </ForwardRef>
          </ForwardRef>,
        ],
      },
      "ref": null,
      "rendered": Array [
        Object {
          "instance": null,
          "key": undefined,
          "nodeType": "function",
          "props": Object {
            "children": "Electron App",
          },
          "ref": null,
          "rendered": "Electron App",
          "type": [Function],
        },
        Object {
          "instance": null,
          "key": undefined,
          "nodeType": "function",
          "props": Object {
            "children": Array [
              <ForwardRef>
                Lorem ipsum dolor sit amet, nonumes convenire iracundia no sit, in possit audire cum, in duo mundi tantas dolorum. Graeco splendide mei ut. An his doming eirmod disputando, eum tritani meliore ne. Populo consequuntur nec cu, eos an accusata neglegentur interpretaris, enim ullamcorper deterruisset eu ius. Nec omnium dignissim mediocritatem ut. Possit aliquip deleniti vis ut, ut sea dicat augue adversarium.
              </ForwardRef>,
              <ForwardRef>
                Counter
              </ForwardRef>,
              "Current value ",
              <ForwardRef>
                0
              </ForwardRef>,
              <br />,
              <ForwardRef
                onClick={[Function]}
              >
                Open Counter
              </ForwardRef>,
            ],
          },
          "ref": null,
          "rendered": Array [
            Object {
              "instance": null,
              "key": undefined,
              "nodeType": "function",
              "props": Object {
                "children": "Lorem ipsum dolor sit amet, nonumes convenire iracundia no sit, in possit audire cum, in duo mundi tantas dolorum. Graeco splendide mei ut. An his doming eirmod disputando, eum tritani meliore ne. Populo consequuntur nec cu, eos an accusata neglegentur interpretaris, enim ullamcorper deterruisset eu ius. Nec omnium dignissim mediocritatem ut. Possit aliquip deleniti vis ut, ut sea dicat augue adversarium.",
              },
              "ref": null,
              "rendered": "Lorem ipsum dolor sit amet, nonumes convenire iracundia no sit, in possit audire cum, in duo mundi tantas dolorum. Graeco splendide mei ut. An his doming eirmod disputando, eum tritani meliore ne. Populo consequuntur nec cu, eos an accusata neglegentur interpretaris, enim ullamcorper deterruisset eu ius. Nec omnium dignissim mediocritatem ut. Possit aliquip deleniti vis ut, ut sea dicat augue adversarium.",
              "type": Object {
                "$$typeof": Symbol(react.forward_ref),
                "attrs": Array [],
                "componentStyle": ComponentStyle {
                  "componentId": "sc-gzVnrw",
                  "isStatic": true,
                  "rules": Array [
                    "
  font-size: 16px;
  line-height: 28px;
",
                  ],
                },
                "displayName": "P",
                "foldedComponentIds": Array [],
                "render": [Function],
                "styledComponentId": "sc-gzVnrw",
                "target": "p",
                "toString": [Function],
                "warnTooManyClasses": [Function],
                "withComponent": [Function],
              },
            },
            Object {
              "instance": null,
              "key": undefined,
              "nodeType": "function",
              "props": Object {
                "children": "Counter",
              },
              "ref": null,
              "rendered": "Counter",
              "type": Object {
                "$$typeof": Symbol(react.forward_ref),
                "attrs": Array [],
                "componentStyle": ComponentStyle {
                  "componentId": "sc-bZQynM",
                  "isStatic": true,
                  "rules": Array [
                    "
  font-weight: 400;
  line-height: 40px;
  color: #03a9f4;
",
                  ],
                },
                "displayName": "H2",
                "foldedComponentIds": Array [],
                "render": [Function],
                "styledComponentId": "sc-bZQynM",
                "target": "h2",
                "toString": [Function],
                "warnTooManyClasses": [Function],
                "withComponent": [Function],
              },
            },
            "Current value ",
            Object {
              "instance": null,
              "key": undefined,
              "nodeType": "function",
              "props": Object {
                "children": 0,
              },
              "ref": null,
              "rendered": 0,
              "type": Object {
                "$$typeof": Symbol(react.forward_ref),
                "attrs": Array [],
                "componentStyle": ComponentStyle {
                  "componentId": "sc-htoDjs",
                  "isStatic": true,
                  "rules": Array [
                    "
  font-weight: 500;
",
                  ],
                },
                "displayName": "Span",
                "foldedComponentIds": Array [],
                "render": [Function],
                "styledComponentId": "sc-htoDjs",
                "target": "span",
                "toString": [Function],
                "warnTooManyClasses": [Function],
                "withComponent": [Function],
              },
            },
            Object {
              "instance": null,
              "key": undefined,
              "nodeType": "host",
              "props": Object {},
              "ref": null,
              "rendered": null,
              "type": "br",
            },
            Object {
              "instance": null,
              "key": undefined,
              "nodeType": "function",
              "props": Object {
                "children": "Open Counter",
                "onClick": [Function],
              },
              "ref": null,
              "rendered": "Open Counter",
              "type": Object {
                "$$typeof": Symbol(react.forward_ref),
                "attrs": Array [],
                "componentStyle": ComponentStyle {
                  "componentId": "sc-bdVaJa",
                  "isStatic": true,
                  "rules": Array [
                    "
  text-transform: uppercase;
  transition: all 0.2s ease-in-out;
  display: block;
  height: 36px;
  padding: 0 26px;
  border: none;
  border-radius: 2px;
  cursor: pointer;
  text-align: center;
  line-height: 36px;
  vertical-align: middle;
  white-space: nowrap;
  font-size: 14px;
  font-family: inherit;
  letter-spacing: 0.03em;
  position: relative;
  margin: 14px 0;
  width: 100%;
  
  &:focus {
    outline: 0;
  }
    
  &:hover {
    color: #fff;
    background-color: #39a1f4;
    outline: 0;
    text-decoration: none;
    border: none;
  }
",
                  ],
                },
                "displayName": "Button",
                "foldedComponentIds": Array [],
                "render": [Function],
                "styledComponentId": "sc-bdVaJa",
                "target": "button",
                "toString": [Function],
                "warnTooManyClasses": [Function],
                "withComponent": [Function],
              },
            },
          ],
          "type": Object {
            "$$typeof": Symbol(react.forward_ref),
            "attrs": Array [],
            "componentStyle": ComponentStyle {
              "componentId": "sc-htpNat",
              "isStatic": true,
              "rules": Array [
                "
  padding: 10px 28px;
",
              ],
            },
            "displayName": "Content",
            "foldedComponentIds": Array [],
            "render": [Function],
            "styledComponentId": "sc-htpNat",
            "target": "div",
            "toString": [Function],
            "warnTooManyClasses": [Function],
            "withComponent": [Function],
          },
        },
      ],
      "type": Object {
        "$$typeof": Symbol(react.forward_ref),
        "attrs": Array [],
        "componentStyle": ComponentStyle {
          "componentId": "sc-bwzfXH",
          "isStatic": true,
          "rules": Array [
            "
  height: 100%;
",
          ],
        },
        "displayName": "Container",
        "foldedComponentIds": Array [],
        "render": [Function],
        "styledComponentId": "sc-bwzfXH",
        "target": "div",
        "toString": [Function],
        "warnTooManyClasses": [Function],
        "withComponent": [Function],
      },
    },
  ],
  Symbol(enzyme.__options__): Object {
    "adapter": ReactSixteenAdapter {
      "options": Object {
        "enableComponentDidUpdateOnSetState": true,
        "lifecycles": Object {
          "componentDidUpdate": Object {
            "onSetState": true,
          },
          "getDerivedStateFromProps": true,
          "getSnapshotBeforeUpdate": true,
          "setState": Object {
            "skipsComponentDidUpdateOnNullish": true,
          },
        },
      },
    },
  },
}
`;
